timedelta(117676800.000)
timedelta(-117676800.000)
